PIT universe: 4,598,145 of 8,042,901 bars enterable (3,658 names ever, 1,662 avg per day)
====================================================================================================
MOONSHOT  +10% target / -7% stop / 10d / 5 trades per week
====================================================================================================
panel: 4,343,999 of 6,097,117 candidate rows in-universe
panel: 1.3 GB, 80 columns
rows 2,535,913   universe P(spike) 0.2132
AUC  spike 0.7056   stop 0.6631   E[r|time] +0.0096
calibration: mean p 0.2132 vs realised 0.2132

ABLATION -- ranking by P(spike) vs by expected value
----------------------------------------------------------------------------------------------------
  P(spike) only    n=1386  P=0.3860  stop%=0.567  net=-0.0077  t=-3.49  t_clu=-2.75
  expected value   n=1386  P=0.2525  stop%=0.334  net=-0.0015  t=-0.85  t_clu=-0.66

  106 names said EV > P(spike). 341 names said the reverse. A real
  mechanism does not flip; see docs/PREREGISTRATION_2015.md criterion 4.

SELECTION LADDER
----------------------------------------------------------------------------------------------------
trades/wk      n  P(spike)   lift     gross    cost       net       t
       20   3993    0.2289   1.07x   +0.0035  0.0068   -0.0033   -3.19
       10   2766    0.2375   1.11x   +0.0035  0.0068   -0.0033   -2.59
        5   1386    0.2525   1.18x   +0.0052  0.0068   -0.0015   -0.85
        3    834    0.2614   1.23x   +0.0060  0.0068   -0.0008   -0.32
        2    556    0.2626   1.23x   +0.0059  0.0068   -0.0008   -0.29
        1    278    0.2698   1.27x   +0.0078  0.0068   +0.0010   +0.24

VOLATILITY CONTROL -- skill, or just a volatility tilt?
----------------------------------------------------------------------------------------------------
  selected median vol 0.0210 vs universe 0.0252 (0.83x)

 vol_bucket  median_vol  universe_P  n_selected  selected_P   lift
          0      0.0134      0.0709         351      0.0684 0.9641
          1      0.0190      0.1426         423      0.3262 2.2876
          2      0.0252      0.2114         404      0.2970 1.4049
          3      0.0346      0.2877         146      0.2877 0.9999
          4      0.0553      0.3535          62      0.4194 1.1864

  lift ~1.0 in every bucket would mean no skill beyond a volatility tilt.

PORTFOLIO -- 10% per position, daily-marked
----------------------------------------------------------------------------------------------------
  period            2020-08-31 .. 2025-12-30
  CAGR              -5.36%
  volatility        19.29%
  Sharpe            -0.19   (SE 0.44)
  deflated Sharpe   0.006  (30 configurations tried)
  max drawdown      -58.38%
  worst month       -13.21%
  skew              +0.48
  trades            1386   win% 0.444   avg hold 7.1d
  avg win           +6.53%
  avg loss          -5.49%
  avg positions     7.3  max 15
  avg gross         73%

  Sharpe SE is the number to read next to Sharpe. If the SE is comparable to
  the estimate, the strategy has not been measured, only observed.

PRE-REGISTERED CRITERIA  (docs/PREREGISTRATION_2015.md)
----------------------------------------------------------------------------------------------------
  PRIMARY   net/trade -0.0015  t_clustered = -0.66  (naive t = -0.85 over 278 weeks)
            required clustered t > 2.0   -> FAIL
  vol control     lift>1 in 3/5 buckets, selected vol 0.83x universe -> PASS
  outlier robust  net after dropping 20 largest = -0.0029 -> FAIL
  temporal spread largest year holds 18.8% of trades (cap 35%) -> PASS
  ablation        EV -0.0015 vs P(spike) -0.0077 -> PASS (agrees with the 106-name run)

  VERDICT: NO EDGE - stop. Three samples, this one powered. See the decision rule.

  The pre-registered stopping rule applies: no fourth test. The only
  moves left would be changing the target, horizon or universe, and
  searching over those is how a wanted result gets manufactured.

wrote /root/.iai/store/w2015_moonshot_selected.parquet
